<testsuites name="jest tests" tests="2" failures="0" time="1.979">
  <testsuite name="WelcomeMessage Test Suite" errors="0" failures="0" skipped="0" timestamp="2019-05-17T12:34:36" time="0.982" tests="1">
    <testcase classname="WelcomeMessage Test Suite Should have an image" name="WelcomeMessage Test Suite Should have an image" time="0.014">
    </testcase>
  </testsuite>
  <testsuite name="App Test Suite" errors="0" failures="0" skipped="0" timestamp="2019-05-17T12:34:36" time="0.997" tests="1">
    <testcase classname="App Test Suite Should have an App class" name="App Test Suite Should have an App class" time="0.013">
    </testcase>
  </testsuite>
</testsuites>